// Jest Snapshot v1, https://goo.gl/fbAQLP

exports[`The components <TodoAdd /> should render correctly 1`] = `
<Fragment>
  <h4>
    Agregar Todo
  </h4>
  <hr />
  <form
    onSubmit={[Function]}
  >
    <div
      className="mb-3"
    >
      <label
        className="form-label"
        htmlFor="description"
      >
        Description
      </label>
      <input
        autoComplete="off"
        className="form-control"
        name="description"
        onChange={[Function]}
        placeholder="aprender..."
        type="text"
        value=""
      />
    </div>
    <div
      className="d-grid gap-2"
    >
      <button
        className="btn btn-outline-primary d-md-block"
        type="submit"
      >
        Agregar
      </button>
    </div>
  </form>
</Fragment>
`;
